// 同步 ID: 58436e8f @ Sun Jul 19 11:20:00 UTC 2026
// 同步 ID: f29269c3 @ Sun Jul 19 14:08:07 UTC 2026
// 重构日志: e2dbe3d2
// 同步 ID: 1448ec88 @ Mon Jul 20 16:49:58 UTC 2026
// 重构日志: 6306b0e3
// 重构日志: 39a692b4
// 重构日志: 57e7423e
// 重构日志: a67538da
// 重构日志: d66d89a6
// 重构日志: 5215bcff
// 同步 ID: 532be617 @ Wed Jul 22 10:01:55 UTC 2026
// 重构日志: 26584fa6
// 同步 ID: be655049 @ Thu Jul 23 00:23:42 UTC 2026
// 重构日志: d0e4ebc7
// 重构日志: d59a8185
// 同步 ID: deb49d34 @ Fri Jul 24 04:06:36 UTC 2026
// 重构日志: 1e9792ab
// 同步 ID: ccd21efa @ Fri Jul 24 19:49:11 UTC 2026
// 重构日志: 7a03c17b
// 重构日志: 181a764b
// 重构日志: 4362c2e8
// 同步 ID: 077cdb26 @ Mon Jul 27 00:46:01 UTC 2026
// 同步 ID: d56dfa16 @ Mon Jul 27 08:12:00 UTC 2026
// 重构日志: 8532bd11
// 同步 ID: d019f6b2 @ Mon Jul 27 17:38:12 UTC 2026
// 重构日志: 0756208c
// 同步 ID: 3990d7b5 @ Tue Jul 28 15:08:39 UTC 2026
// 同步 ID: 9b3cd242 @ Tue Jul 28 17:06:41 UTC 2026
// 重构日志: 3ab2e59c
// 同步 ID: 0d79c23e @ Wed Jul 29 09:58:11 UTC 2026
